Microchip MPLAB XC8 Compiler V2.40

Linker command line:

-W-3 --edf=/Applications/microchip/xc8/v2.40/pic/dat/20220703182018_en.msgs \
  -cn -h+dist/default/production/Multiplexado.X.production.sym \
  --cmf=dist/default/production/Multiplexado.X.production.cmf -z -Q18F45K50 \
  -o/tmp/xcwcXFjaw --defsym=__MPLAB_BUILD=1 --fixupoverflow=error \
  -Mdist/default/production/Multiplexado.X.production.map \
  --md=/tmp/xcDYB1Qr2.dat -E1 -ver=XC8 Compiler --acfsm=1493 \
  -ACODE=00h-07FFFh -ACONST=00h-07FFFh -ASMALLCONST=0800h-08FFhx120 \
  -AMEDIUMCONST=0800h-07FFFh -ACOMRAM=01h-05Fh -AABS1=00h-07FFh \
  -ABIGRAM=01h-07FFh -ARAM=060h-0FFh,0100h-01FFhx7 -ABANK0=060h-0FFh \
  -ABANK1=0100h-01FFh -ABANK2=0200h-02FFh -ABANK3=0300h-03FFh \
  -ABANK4=0400h-04FFh -ABANK5=0500h-05FFh -ABANK6=0600h-06FFh \
  -ABANK7=0700h-07FFh -ASFR=0F53h-0F5Fh,0F60h-0FFFh -ABIGSFR=0F53h-0FFFh \
  -ACONFIG=0300000h-030000Dh -AIDLOC=0200000h-0200007h \
  -AEEDATA=0F00000h-0F000FFh -peeprom_data=EEDATA \
  -preset_vec=00h,intcode,intcodelo,powerup,init -pramtop=0800h \
  -psmallconst=SMALLCONST -pmediumconst=MEDIUMCONST -pconst=CONST \
  -AFARRAM=00h-00h \
  -prdata=COMRAM,nvrram=COMRAM,nvbit=COMRAM,rbss=COMRAM,rbit=COMRAM \
  -pfarbss=FARRAM,fardata=FARRAM,nvFARRAM=FARRAM \
  -pintsave_regs=BIGRAM,bigbss=BIGRAM,bigdata=BIGRAM -pbss=RAM \
  -pidata=CODE,irdata=CODE,ibigdata=CODE,ifardata=CODE -prparam=COMRAM \
  /tmp/xcYF4nWa6.o dist/default/production/Multiplexado.X.production.o 

Object code version is 3.11

Machine type is 18F45K50



                Name                               Link     Load   Length Selector   Space Scale
/tmp/xcYF4nWa6.o
                idloc                            200000   200000        8        0       5
                config                           300000   300000        E        0       4
                init                                  0        0        4        0       0
dist/default/production/Multiplexado.X.production.o
                idloc                            200000   200000        8        0       5
                config                           300000   300000        E        0       4
                text8                              7B80     7B80       74     3DC0       0
                text7                              7B1C     7B1C       64     3D8E       0
                text6                              7ECC     7ECC      134     3F66       0
                text5                              7CEC     7CEC       DA     3E76       0
                text4                              7BF4     7BF4       7C     3DFA       0
                text3                              7C70     7C70       7C     3E38       0
                text2                              7AAE     7AAE        A     3D57       0
                text1                              7AEC     7AEC       30     3D76       0
                text0                              7DC6     7DC6      106     3EE3       0
                cstackCOMRAM                          1        1       25        1       1
                dataCOMRAM                           26       26        A        1       1
                cinit                              7AC2     7AC2       2A     3D61       0
                idataCOMRAM                        7AB8     7AB8        A     7AB8       0

TOTAL           Name                               Link     Load   Length     Space
        CLASS   CODE           
                init                                  0        0        4         0
                text8                              7B80     7B80       74         0
                text7                              7B1C     7B1C       64         0
                text6                              7ECC     7ECC      134         0
                text5                              7CEC     7CEC       DA         0
                text4                              7BF4     7BF4       7C         0
                text3                              7C70     7C70       7C         0
                text2                              7AAE     7AAE        A         0
                text1                              7AEC     7AEC       30         0
                text0                              7DC6     7DC6      106         0
                cinit                              7AC2     7AC2       2A         0
                idataCOMRAM                        7AB8     7AB8        A         0

        CLASS   CONST          

        CLASS   SMALLCONST     

        CLASS   MEDIUMCONST    

        CLASS   COMRAM         
                cstackCOMRAM                          1        1       25         1
                dataCOMRAM                           26       26        A         1

        CLASS   ABS1           

        CLASS   BIGRAM         

        CLASS   RAM            

        CLASS   BANK0          

        CLASS   BANK1          

        CLASS   BANK2          

        CLASS   BANK3          

        CLASS   BANK4          

        CLASS   BANK5          

        CLASS   BANK6          

        CLASS   BANK7          

        CLASS   SFR            

        CLASS   BIGSFR         

        CLASS   CONFIG         
                config                           300000   300000        E         4

        CLASS   IDLOC          
                idloc                            200000   200000        8         5

        CLASS   EEDATA         

        CLASS   FARRAM         

        CLASS   HEAP           

        CLASS   STACK          



SEGMENTS        Name                           Load    Length   Top    Selector   Space  Class

                text8                          007B80  000074  007BF4      3DC0       0  CODE    
                text4                          007BF4  00007C  007C70      3DFA       0  CODE    
                text7                          007B1C  000064  007B80      3D8E       0  CODE    
                reset_vec                      000000  000004  000004         0       0  CODE    
                text3                          007C70  00007C  007CEC      3E38       0  CODE    
                text1                          007AEC  000030  007B1C      3D76       0  CODE    
                text5                          007CEC  0000DA  007DC6      3E76       0  CODE    
                text0                          007DC6  000106  007ECC      3EE3       0  CODE    
                idataCOMRAM                    007AB8  00000A  007AC2      7AB8       0  CODE    
                text2                          007AAE  00000A  007AB8      3D57       0  CODE    
                cinit                          007AC2  00002A  007AEC      3D61       0  CODE    
                text6                          007ECC  000134  008000      3F66       0  CODE    
                cstackCOMRAM                   000001  00002F  000030         1       1  COMRAM  


UNUSED ADDRESS RANGES

        Name                Unused          Largest block    Delta
        BANK0            000060-0000FF               A0
        BANK1            000100-0001FF              100
        BANK2            000200-0002FF              100
        BANK3            000300-0003FF              100
        BANK4            000400-0004FF              100
        BANK5            000500-0005FF              100
        BANK6            000600-0006FF              100
        BANK7            000700-0007FF              100
        BIGRAM           000030-0007FF              7D0
        BIGSFR           000F53-000FFF               AD
        CODE             000004-007AAD             7AAA
        COMRAM           000030-00005F               30
        CONST            000004-007AAD             7AAA
        EEDATA           F00000-F000FF              100
        MEDIUMCONST      000800-007AAD             72AE
        RAM              000060-0007FF              100
        SFR              000F53-000FFF                D
        SMALLCONST       000800-007AAD              100

                                  Symbol Table

?___lwdiv                cstackCOMRAM 000006
?___lwmod                cstackCOMRAM 000001
_ANSELBbits              (abs)        000F5C
_ANSELD                  (abs)        000F5E
_LATB3                   (abs)        007C53
_LATB4                   (abs)        007C54
_LATB5                   (abs)        007C55
_LATB6                   (abs)        007C56
_LATD                    (abs)        000F8C
_OSCCONbits              (abs)        000FD3
_PORTBbits               (abs)        000F81
_PORTD                   (abs)        000F83
_TRISBbits               (abs)        000F93
_TRISD                   (abs)        000F95
__HRAM                   (abs)        000000
__Habs1                  abs1         000000
__Hbank0                 bank0        000000
__Hbank1                 bank1        000000
__Hbank2                 bank2        000000
__Hbank3                 bank3        000000
__Hbank4                 bank4        000000
__Hbank5                 bank5        000000
__Hbank6                 bank6        000000
__Hbank7                 bank7        000000
__Hbigbss                bigbss       000000
__Hbigdata               bigdata      000000
__Hbigram                bigram       000000
__Hbigsfr                bigsfr       000000
__Hbss                   bss          000000
__Hcinit                 cinit        000000
__Hclrtext               clrtext      000000
__Hcomram                comram       000000
__Hconfig                config       30000E
__Hconst                 const        000000
__HcstackCOMRAM          cstackCOMRAM 000000
__Hdata                  data         000000
__HdataCOMRAM            dataCOMRAM   000000
__Heeprom_data           eeprom_data  000000
__Hfarbss                farbss       000000
__Hfardata               fardata      000000
__Hheap                  heap         000000
__Hibigdata              ibigdata     000000
__Hidata                 idata        000000
__HidataCOMRAM           idataCOMRAM  000000
__Hidloc                 idloc        200008
__Hifardata              ifardata     000000
__Hinit                  init         000004
__Hintcode               intcode      000000
__Hintcode_body          intcode_body 000000
__Hintcodelo             intcodelo    000000
__Hintentry              intentry     000000
__Hintret                intret       000000
__Hintsave_regs          intsave_regs 000000
__Hirdata                irdata       000000
__Hmediumconst           mediumconst  000000
__HnvFARRAM              nvFARRAM     000000
__Hnvbit                 nvbit        000000
__Hnvrram                nvrram       000000
__Hparam                 rparam       000000
__Hpowerup               powerup      000000
__Hram                   ram          000000
__Hramtop                ramtop       000800
__Hrbit                  rbit         000000
__Hrbss                  rbss         000000
__Hrdata                 rdata        000000
__Hreset_vec             reset_vec    000000
__Hrparam                rparam       000000
__Hsfr                   sfr          000000
__Hsmallconst            smallconst   000000
__Hspace_0               (abs)        008000
__Hspace_1               (abs)        000030
__Hspace_2               (abs)        000000
__Hspace_4               (abs)        60000E
__Hstack                 stack        000000
__Hstruct                struct       000000
__Htemp                  temp         000000
__Htext                  text         000000
__Htext0                 text0        000000
__Htext1                 text1        000000
__Htext2                 text2        000000
__Htext3                 text3        000000
__Htext4                 text4        000000
__Htext5                 text5        000000
__Htext6                 text6        000000
__Htext7                 text7        000000
__Htext8                 text8        000000
__LRAM                   (abs)        000001
__Labs1                  abs1         000000
__Lbank0                 bank0        000000
__Lbank1                 bank1        000000
__Lbank2                 bank2        000000
__Lbank3                 bank3        000000
__Lbank4                 bank4        000000
__Lbank5                 bank5        000000
__Lbank6                 bank6        000000
__Lbank7                 bank7        000000
__Lbigbss                bigbss       000000
__Lbigdata               bigdata      000000
__Lbigram                bigram       000000
__Lbigsfr                bigsfr       000000
__Lbss                   bss          000000
__Lcinit                 cinit        000000
__Lclrtext               clrtext      000000
__Lcomram                comram       000000
__Lconfig                config       000000
__Lconst                 const        000000
__LcstackCOMRAM          cstackCOMRAM 000000
__Ldata                  data         000000
__LdataCOMRAM            dataCOMRAM   000000
__Leeprom_data           eeprom_data  000000
__Lfarbss                farbss       000000
__Lfardata               fardata      000000
__Lheap                  heap         000000
__Libigdata              ibigdata     000000
__Lidata                 idata        000000
__LidataCOMRAM           idataCOMRAM  000000
__Lidloc                 idloc        000000
__Lifardata              ifardata     000000
__Linit                  init         000000
__Lintcode               intcode      000000
__Lintcode_body          intcode_body 000000
__Lintcodelo             intcodelo    000000
__Lintentry              intentry     000000
__Lintret                intret       000000
__Lintsave_regs          intsave_regs 000000
__Lirdata                irdata       000000
__Lmediumconst           mediumconst  000000
__LnvFARRAM              nvFARRAM     000000
__Lnvbit                 nvbit        000000
__Lnvrram                nvrram       000000
__Lparam                 rparam       000000
__Lpowerup               powerup      000000
__Lram                   ram          000000
__Lramtop                ramtop       000800
__Lrbit                  rbit         000000
__Lrbss                  rbss         000000
__Lrdata                 rdata        000000
__Lreset_vec             reset_vec    000000
__Lrparam                rparam       000000
__Lsfr                   sfr          000000
__Lsmallconst            smallconst   000000
__Lspace_0               (abs)        000000
__Lspace_1               (abs)        000000
__Lspace_2               (abs)        000000
__Lspace_4               (abs)        000000
__Lstack                 stack        000000
__Lstruct                struct       000000
__Ltemp                  temp         000000
__Ltext                  text         000000
__Ltext0                 text0        000000
__Ltext1                 text1        000000
__Ltext2                 text2        000000
__Ltext3                 text3        000000
__Ltext4                 text4        000000
__Ltext5                 text5        000000
__Ltext6                 text6        000000
__Ltext7                 text7        000000
__Ltext8                 text8        000000
__S0                     (abs)        008000
__S1                     (abs)        000030
__S4                     (abs)        000000
__S5                     (abs)        000000
___heap_hi               (abs)        000000
___heap_lo               (abs)        000000
___inthi_sp              stack        000000
___intlo_sp              stack        000000
___lwdiv                 text8        007B80
___lwdiv@counter         cstackCOMRAM 00000C
___lwdiv@dividend        cstackCOMRAM 000006
___lwdiv@divisor         cstackCOMRAM 000008
___lwdiv@quotient        cstackCOMRAM 00000A
___lwmod                 text7        007B1C
___lwmod@counter         cstackCOMRAM 000005
___lwmod@dividend        cstackCOMRAM 000001
___lwmod@divisor         cstackCOMRAM 000003
___param_bank            (abs)        000000
___rparam_used           (abs)        000001
___sp                    stack        000000
__accesstop              (abs)        000060
__activetblptr           (abs)        000002
__end_of___lwdiv         text8        007BF4
__end_of___lwmod         text7        007B80
__end_of__initialization cinit        007AE2
__end_of_contador_down   text4        007C70
__end_of_contador_up     text3        007CEC
__end_of_descomponiendo  text6        008000
__end_of_init_osc        text2        007AB8
__end_of_init_puertos    text1        007B1C
__end_of_main            text0        007ECC
__end_of_mostrarDISPLAY  text5        007DC6
__initialization         cinit        007AC2
__mediumconst            mediumconst  000000
__pcinit                 cinit        007AC2
__pcstackCOMRAM          cstackCOMRAM 000001
__pdataCOMRAM            dataCOMRAM   000026
__pidataCOMRAM           idataCOMRAM  007AB8
__ptext0                 text0        007DC6
__ptext1                 text1        007AEC
__ptext2                 text2        007AAE
__ptext3                 text3        007C70
__ptext4                 text4        007BF4
__ptext5                 text5        007CEC
__ptext6                 text6        007ECC
__ptext7                 text7        007B1C
__ptext8                 text8        007B80
__ramtop                 ramtop       000800
__smallconst             smallconst   000000
_contador_down           text4        007BF4
_contador_up             text3        007C70
_descomponiendo          text6        007ECC
_descomponiendo$904      cstackCOMRAM 000014
_descomponiendo$905      cstackCOMRAM 000011
_display                 dataCOMRAM   000026
_init_osc                text2        007AAE
_init_puertos            text1        007AEC
_main                    text0        007DC6
_mostrarDISPLAY          text5        007CEC
contador_down@numero     cstackCOMRAM 00001B
contador_up@numero       cstackCOMRAM 00001B
descomponiendo@i         cstackCOMRAM 000013
descomponiendo@numero    cstackCOMRAM 00000D
descomponiendo@resultado cstackCOMRAM 000016
end_of_initialization    cinit        007AE2
intlevel0                text         000000
intlevel1                text         000000
intlevel2                text         000000
intlevel3                text         000000
isa$std                  (abs)        000001
isa$xinst                (abs)        000000
main@contador_auto       cstackCOMRAM 000021
main@numero              cstackCOMRAM 000024
main@selector            cstackCOMRAM 000023
mostrarDISPLAY@numero    cstackCOMRAM 000017
stackhi                  (abs)        000000
stacklo                  (abs)        000000
start                    init         000000
start_initialization     cinit        007AC2


MODULE INFORMATION

Module		Function		Class		Link	Load	Size
/Applications/microchip/xc8/v2.40/pic/sources/c99/common/lwmod.c
		___lwmod       		CODE           	7B1C	0000	100

/Applications/microchip/xc8/v2.40/pic/sources/c99/common/lwmod.c estimated size: 100

shared
		__initialization		CODE           	7AC2	0000	32

shared estimated size: 32

/Applications/microchip/xc8/v2.40/pic/sources/c99/common/lwdiv.c
		___lwdiv       		CODE           	7B80	0000	116

/Applications/microchip/xc8/v2.40/pic/sources/c99/common/lwdiv.c estimated size: 116

main.c
		_mostrarDISPLAY		CODE           	7CEC	0000	218
		_main          		CODE           	7DC6	0000	262
		_init_puertos  		CODE           	7AEC	0000	48
		_init_osc      		CODE           	7AAE	0000	10
		_descomponiendo		CODE           	7ECC	0000	308
		_contador_up   		CODE           	7C70	0000	124
		_contador_down 		CODE           	7BF4	0000	124

main.c estimated size: 1094

